<?xml version="1.0" encoding="UTF-8"?>
<testsuites name="jest tests" tests="5" failures="0" time="3.516">
  <testsuite name="Contacts APP" errors="0" failures="0" skipped="0" timestamp="2020-05-17T21:46:38" time="2.819" tests="5">
    <testcase classname="Contacts APP Should render APP" name="Contacts APP Should render APP" time="0.078">
    </testcase>
    <testcase classname="Contacts APP Should render Contact component" name="Contacts APP Should render Contact component" time="0.03">
    </testcase>
    <testcase classname="Contacts APP Should render Contacts component" name="Contacts APP Should render Contacts component" time="0.019">
    </testcase>
    <testcase classname="Contacts APP Should render Filters component" name="Contacts APP Should render Filters component" time="0.028">
    </testcase>
    <testcase classname="Contacts APP Should render Topbar component" name="Contacts APP Should render Topbar component" time="0.018">
    </testcase>
  </testsuite>
</testsuites>